ARM GAS  C:\Users\MICHS_~1\AppData\Local\Temp\ccldZIfa.s 			page 1


   1              		.cpu cortex-m0
   2              		.fpu softvfp
   3              		.eabi_attribute 20, 1
   4              		.eabi_attribute 21, 1
   5              		.eabi_attribute 23, 3
   6              		.eabi_attribute 24, 1
   7              		.eabi_attribute 25, 1
   8              		.eabi_attribute 26, 1
   9              		.eabi_attribute 30, 6
  10              		.eabi_attribute 34, 0
  11              		.eabi_attribute 18, 4
  12              		.code	16
  13              		.file	"cyfitter_cfg.c"
  14              		.text
  15              	.Ltext0:
  16              		.cfi_sections	.debug_frame
  17              		.section	.text.CYMEMZERO,"ax",%progbits
  18              		.align	2
  19              		.code	16
  20              		.thumb_func
  21              		.type	CYMEMZERO, %function
  22              	CYMEMZERO:
  23              	.LFB2:
  24              		.file 1 "Generated_Source\\PSoC4\\cyfitter_cfg.c"
   1:Generated_Source\PSoC4/cyfitter_cfg.c **** /*******************************************************************************
   2:Generated_Source\PSoC4/cyfitter_cfg.c **** * File Name: cyfitter_cfg.c
   3:Generated_Source\PSoC4/cyfitter_cfg.c **** * 
   4:Generated_Source\PSoC4/cyfitter_cfg.c **** * PSoC Creator  4.0
   5:Generated_Source\PSoC4/cyfitter_cfg.c **** *
   6:Generated_Source\PSoC4/cyfitter_cfg.c **** * Description:
   7:Generated_Source\PSoC4/cyfitter_cfg.c **** * This file contains device initialization code.
   8:Generated_Source\PSoC4/cyfitter_cfg.c **** * Except for the user defined sections in CyClockStartupError(), this file should not be modified.
   9:Generated_Source\PSoC4/cyfitter_cfg.c **** * This file is automatically generated by PSoC Creator.
  10:Generated_Source\PSoC4/cyfitter_cfg.c **** *
  11:Generated_Source\PSoC4/cyfitter_cfg.c **** ********************************************************************************
  12:Generated_Source\PSoC4/cyfitter_cfg.c **** * Copyright (c) 2007-2016 Cypress Semiconductor.  All rights reserved.
  13:Generated_Source\PSoC4/cyfitter_cfg.c **** * You may use this file only in accordance with the license, terms, conditions, 
  14:Generated_Source\PSoC4/cyfitter_cfg.c **** * disclaimers, and limitations in the end user license agreement accompanying 
  15:Generated_Source\PSoC4/cyfitter_cfg.c **** * the software package with which this file was provided.
  16:Generated_Source\PSoC4/cyfitter_cfg.c **** ********************************************************************************/
  17:Generated_Source\PSoC4/cyfitter_cfg.c **** 
  18:Generated_Source\PSoC4/cyfitter_cfg.c **** #include <string.h>
  19:Generated_Source\PSoC4/cyfitter_cfg.c **** #include "cytypes.h"
  20:Generated_Source\PSoC4/cyfitter_cfg.c **** #include "cydevice_trm.h"
  21:Generated_Source\PSoC4/cyfitter_cfg.c **** #include "cyfitter.h"
  22:Generated_Source\PSoC4/cyfitter_cfg.c **** #include "CyLib.h"
  23:Generated_Source\PSoC4/cyfitter_cfg.c **** #include "cyfitter_cfg.h"
  24:Generated_Source\PSoC4/cyfitter_cfg.c **** 
  25:Generated_Source\PSoC4/cyfitter_cfg.c **** 
  26:Generated_Source\PSoC4/cyfitter_cfg.c **** #if defined(__GNUC__) || defined(__ARMCC_VERSION)
  27:Generated_Source\PSoC4/cyfitter_cfg.c ****     #define CYPACKED 
  28:Generated_Source\PSoC4/cyfitter_cfg.c ****     #define CYPACKED_ATTR __attribute__ ((packed))
  29:Generated_Source\PSoC4/cyfitter_cfg.c ****     #define CYALIGNED __attribute__ ((aligned))
  30:Generated_Source\PSoC4/cyfitter_cfg.c ****     #define CY_CFG_UNUSED __attribute__ ((unused))
  31:Generated_Source\PSoC4/cyfitter_cfg.c ****     #ifndef CY_CFG_SECTION
  32:Generated_Source\PSoC4/cyfitter_cfg.c ****         #define CY_CFG_SECTION __attribute__ ((section(".psocinit")))
  33:Generated_Source\PSoC4/cyfitter_cfg.c ****     #endif
ARM GAS  C:\Users\MICHS_~1\AppData\Local\Temp\ccldZIfa.s 			page 2


  34:Generated_Source\PSoC4/cyfitter_cfg.c ****     
  35:Generated_Source\PSoC4/cyfitter_cfg.c ****     #if defined(__ARMCC_VERSION)
  36:Generated_Source\PSoC4/cyfitter_cfg.c ****         #define CY_CFG_MEMORY_BARRIER() __memory_changed()
  37:Generated_Source\PSoC4/cyfitter_cfg.c ****     #else
  38:Generated_Source\PSoC4/cyfitter_cfg.c ****         #define CY_CFG_MEMORY_BARRIER() __sync_synchronize()
  39:Generated_Source\PSoC4/cyfitter_cfg.c ****     #endif
  40:Generated_Source\PSoC4/cyfitter_cfg.c ****     
  41:Generated_Source\PSoC4/cyfitter_cfg.c **** #elif defined(__ICCARM__)
  42:Generated_Source\PSoC4/cyfitter_cfg.c ****     #include <intrinsics.h>
  43:Generated_Source\PSoC4/cyfitter_cfg.c **** 
  44:Generated_Source\PSoC4/cyfitter_cfg.c ****     #define CYPACKED __packed
  45:Generated_Source\PSoC4/cyfitter_cfg.c ****     #define CYPACKED_ATTR 
  46:Generated_Source\PSoC4/cyfitter_cfg.c ****     #define CYALIGNED _Pragma("data_alignment=4")
  47:Generated_Source\PSoC4/cyfitter_cfg.c ****     #define CY_CFG_UNUSED _Pragma("diag_suppress=Pe177")
  48:Generated_Source\PSoC4/cyfitter_cfg.c ****     #define CY_CFG_SECTION _Pragma("location=\".psocinit\"")
  49:Generated_Source\PSoC4/cyfitter_cfg.c ****     
  50:Generated_Source\PSoC4/cyfitter_cfg.c ****     #define CY_CFG_MEMORY_BARRIER() __DMB()
  51:Generated_Source\PSoC4/cyfitter_cfg.c ****     
  52:Generated_Source\PSoC4/cyfitter_cfg.c **** #else
  53:Generated_Source\PSoC4/cyfitter_cfg.c ****     #error Unsupported toolchain
  54:Generated_Source\PSoC4/cyfitter_cfg.c **** #endif
  55:Generated_Source\PSoC4/cyfitter_cfg.c **** 
  56:Generated_Source\PSoC4/cyfitter_cfg.c **** 
  57:Generated_Source\PSoC4/cyfitter_cfg.c **** CY_CFG_UNUSED
  58:Generated_Source\PSoC4/cyfitter_cfg.c **** static void CYMEMZERO(void *s, size_t n);
  59:Generated_Source\PSoC4/cyfitter_cfg.c **** CY_CFG_UNUSED
  60:Generated_Source\PSoC4/cyfitter_cfg.c **** static void CYMEMZERO(void *s, size_t n)
  61:Generated_Source\PSoC4/cyfitter_cfg.c **** {
  25              		.loc 1 61 0
  26              		.cfi_startproc
  27 0000 80B5     		push	{r7, lr}
  28              		.cfi_def_cfa_offset 8
  29              		.cfi_offset 7, -8
  30              		.cfi_offset 14, -4
  31 0002 82B0     		sub	sp, sp, #8
  32              		.cfi_def_cfa_offset 16
  33 0004 00AF     		add	r7, sp, #0
  34              		.cfi_def_cfa_register 7
  35 0006 7860     		str	r0, [r7, #4]
  36 0008 3960     		str	r1, [r7]
  62:Generated_Source\PSoC4/cyfitter_cfg.c **** 	(void)memset(s, 0, n);
  37              		.loc 1 62 0
  38 000a 7A68     		ldr	r2, [r7, #4]
  39 000c 3B68     		ldr	r3, [r7]
  40 000e 101C     		mov	r0, r2
  41 0010 0021     		mov	r1, #0
  42 0012 1A1C     		mov	r2, r3
  43 0014 FFF7FEFF 		bl	memset
  63:Generated_Source\PSoC4/cyfitter_cfg.c **** }
  44              		.loc 1 63 0
  45 0018 BD46     		mov	sp, r7
  46 001a 02B0     		add	sp, sp, #8
  47              		@ sp needed
  48 001c 80BD     		pop	{r7, pc}
  49              		.cfi_endproc
  50              	.LFE2:
  51              		.size	CYMEMZERO, .-CYMEMZERO
ARM GAS  C:\Users\MICHS_~1\AppData\Local\Temp\ccldZIfa.s 			page 3


  52 001e C046     		.section	.text.CYCONFIGCPY,"ax",%progbits
  53              		.align	2
  54              		.code	16
  55              		.thumb_func
  56              		.type	CYCONFIGCPY, %function
  57              	CYCONFIGCPY:
  58              	.LFB3:
  64:Generated_Source\PSoC4/cyfitter_cfg.c **** CY_CFG_UNUSED
  65:Generated_Source\PSoC4/cyfitter_cfg.c **** static void CYCONFIGCPY(void *dest, const void *src, size_t n);
  66:Generated_Source\PSoC4/cyfitter_cfg.c **** CY_CFG_UNUSED
  67:Generated_Source\PSoC4/cyfitter_cfg.c **** static void CYCONFIGCPY(void *dest, const void *src, size_t n)
  68:Generated_Source\PSoC4/cyfitter_cfg.c **** {
  59              		.loc 1 68 0
  60              		.cfi_startproc
  61 0000 80B5     		push	{r7, lr}
  62              		.cfi_def_cfa_offset 8
  63              		.cfi_offset 7, -8
  64              		.cfi_offset 14, -4
  65 0002 84B0     		sub	sp, sp, #16
  66              		.cfi_def_cfa_offset 24
  67 0004 00AF     		add	r7, sp, #0
  68              		.cfi_def_cfa_register 7
  69 0006 F860     		str	r0, [r7, #12]
  70 0008 B960     		str	r1, [r7, #8]
  71 000a 7A60     		str	r2, [r7, #4]
  69:Generated_Source\PSoC4/cyfitter_cfg.c **** 	(void)memcpy(dest, src, n);
  72              		.loc 1 69 0
  73 000c F968     		ldr	r1, [r7, #12]
  74 000e BA68     		ldr	r2, [r7, #8]
  75 0010 7B68     		ldr	r3, [r7, #4]
  76 0012 081C     		mov	r0, r1
  77 0014 111C     		mov	r1, r2
  78 0016 1A1C     		mov	r2, r3
  79 0018 FFF7FEFF 		bl	memcpy
  70:Generated_Source\PSoC4/cyfitter_cfg.c **** }
  80              		.loc 1 70 0
  81 001c BD46     		mov	sp, r7
  82 001e 04B0     		add	sp, sp, #16
  83              		@ sp needed
  84 0020 80BD     		pop	{r7, pc}
  85              		.cfi_endproc
  86              	.LFE3:
  87              		.size	CYCONFIGCPY, .-CYCONFIGCPY
  88 0022 C046     		.section	.text.CYCONFIGCPYCODE,"ax",%progbits
  89              		.align	2
  90              		.code	16
  91              		.thumb_func
  92              		.type	CYCONFIGCPYCODE, %function
  93              	CYCONFIGCPYCODE:
  94              	.LFB4:
  71:Generated_Source\PSoC4/cyfitter_cfg.c **** CY_CFG_UNUSED
  72:Generated_Source\PSoC4/cyfitter_cfg.c **** static void CYCONFIGCPYCODE(void *dest, const void *src, size_t n);
  73:Generated_Source\PSoC4/cyfitter_cfg.c **** CY_CFG_UNUSED
  74:Generated_Source\PSoC4/cyfitter_cfg.c **** static void CYCONFIGCPYCODE(void *dest, const void *src, size_t n)
  75:Generated_Source\PSoC4/cyfitter_cfg.c **** {
  95              		.loc 1 75 0
  96              		.cfi_startproc
ARM GAS  C:\Users\MICHS_~1\AppData\Local\Temp\ccldZIfa.s 			page 4


  97 0000 80B5     		push	{r7, lr}
  98              		.cfi_def_cfa_offset 8
  99              		.cfi_offset 7, -8
 100              		.cfi_offset 14, -4
 101 0002 84B0     		sub	sp, sp, #16
 102              		.cfi_def_cfa_offset 24
 103 0004 00AF     		add	r7, sp, #0
 104              		.cfi_def_cfa_register 7
 105 0006 F860     		str	r0, [r7, #12]
 106 0008 B960     		str	r1, [r7, #8]
 107 000a 7A60     		str	r2, [r7, #4]
  76:Generated_Source\PSoC4/cyfitter_cfg.c **** 	(void)memcpy(dest, src, n);
 108              		.loc 1 76 0
 109 000c F968     		ldr	r1, [r7, #12]
 110 000e BA68     		ldr	r2, [r7, #8]
 111 0010 7B68     		ldr	r3, [r7, #4]
 112 0012 081C     		mov	r0, r1
 113 0014 111C     		mov	r1, r2
 114 0016 1A1C     		mov	r2, r3
 115 0018 FFF7FEFF 		bl	memcpy
  77:Generated_Source\PSoC4/cyfitter_cfg.c **** }
 116              		.loc 1 77 0
 117 001c BD46     		mov	sp, r7
 118 001e 04B0     		add	sp, sp, #16
 119              		@ sp needed
 120 0020 80BD     		pop	{r7, pc}
 121              		.cfi_endproc
 122              	.LFE4:
 123              		.size	CYCONFIGCPYCODE, .-CYCONFIGCPYCODE
 124 0022 C046     		.section	.psocinit,"ax",%progbits
 125              		.align	2
 126              		.code	16
 127              		.thumb_func
 128              		.type	ClockSetup, %function
 129              	ClockSetup:
 130              	.LFB5:
  78:Generated_Source\PSoC4/cyfitter_cfg.c **** 
  79:Generated_Source\PSoC4/cyfitter_cfg.c **** 
  80:Generated_Source\PSoC4/cyfitter_cfg.c **** 
  81:Generated_Source\PSoC4/cyfitter_cfg.c **** 
  82:Generated_Source\PSoC4/cyfitter_cfg.c **** /* Clock startup error codes                                                   */
  83:Generated_Source\PSoC4/cyfitter_cfg.c **** #define CYCLOCKSTART_NO_ERROR    0u
  84:Generated_Source\PSoC4/cyfitter_cfg.c **** #define CYCLOCKSTART_XTAL_ERROR  1u
  85:Generated_Source\PSoC4/cyfitter_cfg.c **** #define CYCLOCKSTART_32KHZ_ERROR 2u
  86:Generated_Source\PSoC4/cyfitter_cfg.c **** #define CYCLOCKSTART_PLL_ERROR   3u
  87:Generated_Source\PSoC4/cyfitter_cfg.c **** 
  88:Generated_Source\PSoC4/cyfitter_cfg.c **** 
  89:Generated_Source\PSoC4/cyfitter_cfg.c **** #ifdef CY_NEED_CYCLOCKSTARTUPERROR
  90:Generated_Source\PSoC4/cyfitter_cfg.c **** /*******************************************************************************
  91:Generated_Source\PSoC4/cyfitter_cfg.c **** * Function Name: CyClockStartupError
  92:Generated_Source\PSoC4/cyfitter_cfg.c **** ********************************************************************************
  93:Generated_Source\PSoC4/cyfitter_cfg.c **** * Summary:
  94:Generated_Source\PSoC4/cyfitter_cfg.c **** *  If an error is encountered during clock configuration (crystal startup error,
  95:Generated_Source\PSoC4/cyfitter_cfg.c **** *  PLL lock error, etc.), the system will end up here.  Unless reimplemented by
  96:Generated_Source\PSoC4/cyfitter_cfg.c **** *  the customer, this function will stop in an infinite loop.
  97:Generated_Source\PSoC4/cyfitter_cfg.c **** *
  98:Generated_Source\PSoC4/cyfitter_cfg.c **** * Parameters:
ARM GAS  C:\Users\MICHS_~1\AppData\Local\Temp\ccldZIfa.s 			page 5


  99:Generated_Source\PSoC4/cyfitter_cfg.c **** *   void
 100:Generated_Source\PSoC4/cyfitter_cfg.c **** *
 101:Generated_Source\PSoC4/cyfitter_cfg.c **** * Return:
 102:Generated_Source\PSoC4/cyfitter_cfg.c **** *   void
 103:Generated_Source\PSoC4/cyfitter_cfg.c **** *
 104:Generated_Source\PSoC4/cyfitter_cfg.c **** *******************************************************************************/
 105:Generated_Source\PSoC4/cyfitter_cfg.c **** CY_CFG_UNUSED
 106:Generated_Source\PSoC4/cyfitter_cfg.c **** static void CyClockStartupError(uint8 errorCode);
 107:Generated_Source\PSoC4/cyfitter_cfg.c **** CY_CFG_UNUSED
 108:Generated_Source\PSoC4/cyfitter_cfg.c **** static void CyClockStartupError(uint8 errorCode)
 109:Generated_Source\PSoC4/cyfitter_cfg.c **** {
 110:Generated_Source\PSoC4/cyfitter_cfg.c ****     /* To remove the compiler warning if errorCode not used.                */
 111:Generated_Source\PSoC4/cyfitter_cfg.c ****     errorCode = errorCode;
 112:Generated_Source\PSoC4/cyfitter_cfg.c **** 
 113:Generated_Source\PSoC4/cyfitter_cfg.c ****     /* If we have a clock startup error (bad MHz crystal, PLL lock, etc.),  */
 114:Generated_Source\PSoC4/cyfitter_cfg.c ****     /* we will end up here to allow the customer to implement something to  */
 115:Generated_Source\PSoC4/cyfitter_cfg.c ****     /* deal with the clock condition.                                       */
 116:Generated_Source\PSoC4/cyfitter_cfg.c **** 
 117:Generated_Source\PSoC4/cyfitter_cfg.c **** #ifdef CY_CFG_CLOCK_STARTUP_ERROR_CALLBACK
 118:Generated_Source\PSoC4/cyfitter_cfg.c **** 	CY_CFG_Clock_Startup_ErrorCallback();
 119:Generated_Source\PSoC4/cyfitter_cfg.c **** #else
 120:Generated_Source\PSoC4/cyfitter_cfg.c **** 	/*  If not using CY_CFG_CLOCK_STARTUP_ERROR_CALLBACK, place your clock startup code here. */
 121:Generated_Source\PSoC4/cyfitter_cfg.c ****     /* `#START CyClockStartupError` */
 122:Generated_Source\PSoC4/cyfitter_cfg.c **** 
 123:Generated_Source\PSoC4/cyfitter_cfg.c **** 
 124:Generated_Source\PSoC4/cyfitter_cfg.c **** 
 125:Generated_Source\PSoC4/cyfitter_cfg.c ****     /* `#END` */
 126:Generated_Source\PSoC4/cyfitter_cfg.c **** 
 127:Generated_Source\PSoC4/cyfitter_cfg.c ****     /* If nothing else, stop here since the clocks have not started         */
 128:Generated_Source\PSoC4/cyfitter_cfg.c ****     /* correctly.                                                           */
 129:Generated_Source\PSoC4/cyfitter_cfg.c ****     while(1) {}
 130:Generated_Source\PSoC4/cyfitter_cfg.c **** #endif /* CY_CFG_CLOCK_STARTUP_ERROR_CALLBACK */ 
 131:Generated_Source\PSoC4/cyfitter_cfg.c **** }
 132:Generated_Source\PSoC4/cyfitter_cfg.c **** #endif
 133:Generated_Source\PSoC4/cyfitter_cfg.c **** 
 134:Generated_Source\PSoC4/cyfitter_cfg.c **** 
 135:Generated_Source\PSoC4/cyfitter_cfg.c **** 
 136:Generated_Source\PSoC4/cyfitter_cfg.c **** /*******************************************************************************
 137:Generated_Source\PSoC4/cyfitter_cfg.c **** * Function Name: ClockSetup
 138:Generated_Source\PSoC4/cyfitter_cfg.c **** ********************************************************************************
 139:Generated_Source\PSoC4/cyfitter_cfg.c **** *
 140:Generated_Source\PSoC4/cyfitter_cfg.c **** * Summary:
 141:Generated_Source\PSoC4/cyfitter_cfg.c **** *   Performs the initialization of all of the clocks in the device based on the
 142:Generated_Source\PSoC4/cyfitter_cfg.c **** *   settings in the Clock tab of the DWR.  This includes enabling the requested
 143:Generated_Source\PSoC4/cyfitter_cfg.c **** *   clocks and setting the necessary dividers to produce the desired frequency. 
 144:Generated_Source\PSoC4/cyfitter_cfg.c **** *
 145:Generated_Source\PSoC4/cyfitter_cfg.c **** * Parameters:
 146:Generated_Source\PSoC4/cyfitter_cfg.c **** *   void
 147:Generated_Source\PSoC4/cyfitter_cfg.c **** *
 148:Generated_Source\PSoC4/cyfitter_cfg.c **** * Return:
 149:Generated_Source\PSoC4/cyfitter_cfg.c **** *   void
 150:Generated_Source\PSoC4/cyfitter_cfg.c **** *
 151:Generated_Source\PSoC4/cyfitter_cfg.c **** *******************************************************************************/
 152:Generated_Source\PSoC4/cyfitter_cfg.c **** static void ClockSetup(void);
 153:Generated_Source\PSoC4/cyfitter_cfg.c **** CY_CFG_SECTION
 154:Generated_Source\PSoC4/cyfitter_cfg.c **** static void ClockSetup(void)
 155:Generated_Source\PSoC4/cyfitter_cfg.c **** {
ARM GAS  C:\Users\MICHS_~1\AppData\Local\Temp\ccldZIfa.s 			page 6


 131              		.loc 1 155 0
 132              		.cfi_startproc
 133 0000 80B5     		push	{r7, lr}
 134              		.cfi_def_cfa_offset 8
 135              		.cfi_offset 7, -8
 136              		.cfi_offset 14, -4
 137 0002 00AF     		add	r7, sp, #0
 138              		.cfi_def_cfa_register 7
 156:Generated_Source\PSoC4/cyfitter_cfg.c **** 
 157:Generated_Source\PSoC4/cyfitter_cfg.c **** 	/* Set Flash Cycles based on max possible frequency in case a glitch occurs during ClockSetup(). *
 158:Generated_Source\PSoC4/cyfitter_cfg.c **** 	CY_SET_REG32((void CYXDATA *)(CYREG_CPUSS_FLASH_CTL), (0x0012u));
 139              		.loc 1 158 0
 140 0004 244B     		ldr	r3, .L5
 141 0006 1222     		mov	r2, #18
 142 0008 1A60     		str	r2, [r3]
 159:Generated_Source\PSoC4/cyfitter_cfg.c **** 
 160:Generated_Source\PSoC4/cyfitter_cfg.c **** 	/* Start the WCO */
 161:Generated_Source\PSoC4/cyfitter_cfg.c **** 	CySysClkWcoStart();
 143              		.loc 1 161 0
 144 000a FFF7FEFF 		bl	CySysClkWcoStart
 162:Generated_Source\PSoC4/cyfitter_cfg.c **** 	CyDelayCycles(12000000u); /* WCO may take up to 500ms to start */
 145              		.loc 1 162 0
 146 000e 234B     		ldr	r3, .L5+4
 147 0010 181C     		mov	r0, r3
 148 0012 FFF7FEFF 		bl	CyDelayCycles
 163:Generated_Source\PSoC4/cyfitter_cfg.c **** 	(void)CySysClkWcoSetPowerMode(CY_SYS_CLK_WCO_LPM);    /* Switch to the low power mode */
 149              		.loc 1 163 0
 150 0016 0120     		mov	r0, #1
 151 0018 FFF7FEFF 		bl	CySysClkWcoSetPowerMode
 164:Generated_Source\PSoC4/cyfitter_cfg.c **** 
 165:Generated_Source\PSoC4/cyfitter_cfg.c **** 	/* Setup and trim IMO based on desired frequency. */
 166:Generated_Source\PSoC4/cyfitter_cfg.c **** 	CySysClkWriteImoFreq(48u);
 152              		.loc 1 166 0
 153 001c 3020     		mov	r0, #48
 154 001e FFF7FEFF 		bl	CySysClkWriteImoFreq
 167:Generated_Source\PSoC4/cyfitter_cfg.c **** 	/* CYDEV_CLK_ILO_CONFIG Starting address: CYDEV_CLK_ILO_CONFIG */
 168:Generated_Source\PSoC4/cyfitter_cfg.c **** 	CY_SET_XTND_REG32((void CYFAR *)(CYREG_CLK_ILO_CONFIG), 0x80000006u);
 155              		.loc 1 168 0
 156 0022 1F4B     		ldr	r3, .L5+8
 157 0024 1F4A     		ldr	r2, .L5+12
 158 0026 1A60     		str	r2, [r3]
 169:Generated_Source\PSoC4/cyfitter_cfg.c **** 
 170:Generated_Source\PSoC4/cyfitter_cfg.c **** 	/* CYDEV_WDT_CONFIG Starting address: CYDEV_WDT_CONFIG */
 171:Generated_Source\PSoC4/cyfitter_cfg.c **** 	CY_SET_XTND_REG32((void CYFAR *)(CYREG_WDT_CONFIG), 0x40000000u);
 159              		.loc 1 171 0
 160 0028 1F4B     		ldr	r3, .L5+16
 161 002a 8022     		mov	r2, #128
 162 002c D205     		lsl	r2, r2, #23
 163 002e 1A60     		str	r2, [r3]
 172:Generated_Source\PSoC4/cyfitter_cfg.c **** 
 173:Generated_Source\PSoC4/cyfitter_cfg.c **** 
 174:Generated_Source\PSoC4/cyfitter_cfg.c **** 	/* Enable fast start mode for XO */
 175:Generated_Source\PSoC4/cyfitter_cfg.c **** 	CY_SET_REG32((void*)CYREG_BLE_BLERD_BB_XO, CY_GET_REG32((void*)CYREG_BLE_BLERD_BB_XO) | (uint32)0x
 164              		.loc 1 175 0
 165 0030 1E4B     		ldr	r3, .L5+20
 166 0032 1E4A     		ldr	r2, .L5+20
 167 0034 1268     		ldr	r2, [r2]
ARM GAS  C:\Users\MICHS_~1\AppData\Local\Temp\ccldZIfa.s 			page 7


 168 0036 0221     		mov	r1, #2
 169 0038 0A43     		orr	r2, r1
 170 003a 1A60     		str	r2, [r3]
 176:Generated_Source\PSoC4/cyfitter_cfg.c **** 	CY_SET_XTND_REG32((void CYFAR *)(CYREG_BLE_BLERD_BB_XO_CAPTRIM), 0x00002D6Au);
 171              		.loc 1 176 0
 172 003c 1C4B     		ldr	r3, .L5+24
 173 003e 1D4A     		ldr	r2, .L5+28
 174 0040 1A60     		str	r2, [r3]
 177:Generated_Source\PSoC4/cyfitter_cfg.c **** 	/*Set XTAL(ECO) divider*/
 178:Generated_Source\PSoC4/cyfitter_cfg.c **** 	CY_SET_XTND_REG32((void CYFAR *)(CYREG_BLE_BLESS_XTAL_CLK_DIV_CONFIG), 0x00000000u);
 175              		.loc 1 178 0
 176 0042 1D4B     		ldr	r3, .L5+32
 177 0044 0022     		mov	r2, #0
 178 0046 1A60     		str	r2, [r3]
 179:Generated_Source\PSoC4/cyfitter_cfg.c **** 	/* Disable Crystal Stable Interrupt before enabling ECO */
 180:Generated_Source\PSoC4/cyfitter_cfg.c **** 	CY_SET_REG32((void*)CYREG_BLE_BLESS_LL_DSM_CTRL, CY_GET_REG32((void*)CYREG_BLE_BLESS_LL_DSM_CTRL) 
 179              		.loc 1 180 0
 180 0048 1C4B     		ldr	r3, .L5+36
 181 004a 1C4A     		ldr	r2, .L5+36
 182 004c 1268     		ldr	r2, [r2]
 183 004e 0821     		mov	r1, #8
 184 0050 8A43     		bic	r2, r1
 185 0052 1A60     		str	r2, [r3]
 181:Generated_Source\PSoC4/cyfitter_cfg.c **** 	/* Start the ECO and do not check status since it is not needed for HFCLK */
 182:Generated_Source\PSoC4/cyfitter_cfg.c **** 	(void)CySysClkEcoStart(2000u);
 186              		.loc 1 182 0
 187 0054 FA23     		mov	r3, #250
 188 0056 DB00     		lsl	r3, r3, #3
 189 0058 181C     		mov	r0, r3
 190 005a FFF7FEFF 		bl	CySysClkEcoStart
 183:Generated_Source\PSoC4/cyfitter_cfg.c **** 	CyDelayUs(1500u); /* Wait to stabalize */
 191              		.loc 1 183 0
 192 005e 184B     		ldr	r3, .L5+40
 193 0060 181C     		mov	r0, r3
 194 0062 FFF7FEFF 		bl	CyDelayUs
 184:Generated_Source\PSoC4/cyfitter_cfg.c **** 
 185:Generated_Source\PSoC4/cyfitter_cfg.c **** 	/* Setup phase aligned clocks */
 186:Generated_Source\PSoC4/cyfitter_cfg.c **** 	CY_SET_REG32((void *)CYREG_PERI_DIV_16_CTL0, 0x00001900u);
 195              		.loc 1 186 0
 196 0066 174B     		ldr	r3, .L5+44
 197 0068 C822     		mov	r2, #200
 198 006a 5201     		lsl	r2, r2, #5
 199 006c 1A60     		str	r2, [r3]
 187:Generated_Source\PSoC4/cyfitter_cfg.c **** 	CY_SET_REG32((void *)CYREG_PERI_DIV_CMD, 0x8000FF40u);
 200              		.loc 1 187 0
 201 006e 164B     		ldr	r3, .L5+48
 202 0070 164A     		ldr	r2, .L5+52
 203 0072 1A60     		str	r2, [r3]
 188:Generated_Source\PSoC4/cyfitter_cfg.c **** 
 189:Generated_Source\PSoC4/cyfitter_cfg.c **** 	/* CYDEV_CLK_IMO_CONFIG Starting address: CYDEV_CLK_IMO_CONFIG */
 190:Generated_Source\PSoC4/cyfitter_cfg.c **** 	CY_SET_XTND_REG32((void CYFAR *)(CYREG_CLK_IMO_CONFIG), 0x80000000u);
 204              		.loc 1 190 0
 205 0074 164B     		ldr	r3, .L5+56
 206 0076 8022     		mov	r2, #128
 207 0078 1206     		lsl	r2, r2, #24
 208 007a 1A60     		str	r2, [r3]
 191:Generated_Source\PSoC4/cyfitter_cfg.c **** 
ARM GAS  C:\Users\MICHS_~1\AppData\Local\Temp\ccldZIfa.s 			page 8


 192:Generated_Source\PSoC4/cyfitter_cfg.c **** 	/* CYDEV_CLK_SELECT Starting address: CYDEV_CLK_SELECT */
 193:Generated_Source\PSoC4/cyfitter_cfg.c **** 	CY_SET_XTND_REG32((void CYFAR *)(CYREG_CLK_SELECT), 0x00040000u);
 209              		.loc 1 193 0
 210 007c 154B     		ldr	r3, .L5+60
 211 007e 8022     		mov	r2, #128
 212 0080 D202     		lsl	r2, r2, #11
 213 0082 1A60     		str	r2, [r3]
 194:Generated_Source\PSoC4/cyfitter_cfg.c **** 
 195:Generated_Source\PSoC4/cyfitter_cfg.c **** 	/* CYDEV_PERI_PCLK_CTL1 Starting address: CYDEV_PERI_PCLK_CTL1 */
 196:Generated_Source\PSoC4/cyfitter_cfg.c **** 	CY_SET_XTND_REG32((void CYFAR *)(CYREG_PERI_PCLK_CTL1), 0x00000040u);
 214              		.loc 1 196 0
 215 0084 144B     		ldr	r3, .L5+64
 216 0086 4022     		mov	r2, #64
 217 0088 1A60     		str	r2, [r3]
 197:Generated_Source\PSoC4/cyfitter_cfg.c **** 
 198:Generated_Source\PSoC4/cyfitter_cfg.c **** 	CY_SET_XTND_REG32((void CYFAR *)(CYREG_WDT_CONFIG), 0x40000000u);
 218              		.loc 1 198 0
 219 008a 074B     		ldr	r3, .L5+16
 220 008c 8022     		mov	r2, #128
 221 008e D205     		lsl	r2, r2, #23
 222 0090 1A60     		str	r2, [r3]
 199:Generated_Source\PSoC4/cyfitter_cfg.c **** }
 223              		.loc 1 199 0
 224 0092 BD46     		mov	sp, r7
 225              		@ sp needed
 226 0094 80BD     		pop	{r7, pc}
 227              	.L6:
 228 0096 C046     		.align	2
 229              	.L5:
 230 0098 30001040 		.word	1074790448
 231 009c 001BB700 		.word	12000000
 232 00a0 04010B40 		.word	1074462980
 233 00a4 06000080 		.word	-2147483642
 234 00a8 0C020B40 		.word	1074463244
 235 00ac 78002E40 		.word	1076756600
 236 00b0 7C002E40 		.word	1076756604
 237 00b4 6A2D0000 		.word	11626
 238 00b8 64F02E40 		.word	1076818020
 239 00bc 6CF02E40 		.word	1076818028
 240 00c0 DC050000 		.word	1500
 241 00c4 00030140 		.word	1073808128
 242 00c8 00000140 		.word	1073807360
 243 00cc 40FF0080 		.word	-2147418304
 244 00d0 08010B40 		.word	1074462984
 245 00d4 00010B40 		.word	1074462976
 246 00d8 04010140 		.word	1073807620
 247              		.cfi_endproc
 248              	.LFE5:
 249              		.size	ClockSetup, .-ClockSetup
 250              		.section	.text.AnalogSetDefault,"ax",%progbits
 251              		.align	2
 252              		.code	16
 253              		.thumb_func
 254              		.type	AnalogSetDefault, %function
 255              	AnalogSetDefault:
 256              	.LFB6:
 200:Generated_Source\PSoC4/cyfitter_cfg.c **** 
ARM GAS  C:\Users\MICHS_~1\AppData\Local\Temp\ccldZIfa.s 			page 9


 201:Generated_Source\PSoC4/cyfitter_cfg.c **** 
 202:Generated_Source\PSoC4/cyfitter_cfg.c **** /* Analog API Functions */
 203:Generated_Source\PSoC4/cyfitter_cfg.c **** 
 204:Generated_Source\PSoC4/cyfitter_cfg.c **** 
 205:Generated_Source\PSoC4/cyfitter_cfg.c **** /*******************************************************************************
 206:Generated_Source\PSoC4/cyfitter_cfg.c **** * Function Name: AnalogSetDefault
 207:Generated_Source\PSoC4/cyfitter_cfg.c **** ********************************************************************************
 208:Generated_Source\PSoC4/cyfitter_cfg.c **** *
 209:Generated_Source\PSoC4/cyfitter_cfg.c **** * Summary:
 210:Generated_Source\PSoC4/cyfitter_cfg.c **** *  Sets up the analog portions of the chip to default values based on chip
 211:Generated_Source\PSoC4/cyfitter_cfg.c **** *  configuration options from the project.
 212:Generated_Source\PSoC4/cyfitter_cfg.c **** *
 213:Generated_Source\PSoC4/cyfitter_cfg.c **** * Parameters:
 214:Generated_Source\PSoC4/cyfitter_cfg.c **** *  void
 215:Generated_Source\PSoC4/cyfitter_cfg.c **** *
 216:Generated_Source\PSoC4/cyfitter_cfg.c **** * Return:
 217:Generated_Source\PSoC4/cyfitter_cfg.c **** *  void
 218:Generated_Source\PSoC4/cyfitter_cfg.c **** *
 219:Generated_Source\PSoC4/cyfitter_cfg.c **** *******************************************************************************/
 220:Generated_Source\PSoC4/cyfitter_cfg.c **** static void AnalogSetDefault(void);
 221:Generated_Source\PSoC4/cyfitter_cfg.c **** static void AnalogSetDefault(void)
 222:Generated_Source\PSoC4/cyfitter_cfg.c **** {
 257              		.loc 1 222 0
 258              		.cfi_startproc
 259 0000 80B5     		push	{r7, lr}
 260              		.cfi_def_cfa_offset 8
 261              		.cfi_offset 7, -8
 262              		.cfi_offset 14, -4
 263 0002 00AF     		add	r7, sp, #0
 264              		.cfi_def_cfa_register 7
 223:Generated_Source\PSoC4/cyfitter_cfg.c **** 	CY_SET_XTND_REG32((void CYFAR *)CYREG_CTBM0_DFT_CTRL, 0x00000003u);
 265              		.loc 1 223 0
 266 0004 054B     		ldr	r3, .L8
 267 0006 0322     		mov	r2, #3
 268 0008 1A60     		str	r2, [r3]
 224:Generated_Source\PSoC4/cyfitter_cfg.c **** 	CY_SET_XTND_REG32((void CYFAR *)CYREG_CTBM1_DFT_CTRL, 0x00000003u);
 269              		.loc 1 224 0
 270 000a 054B     		ldr	r3, .L8+4
 271 000c 0322     		mov	r2, #3
 272 000e 1A60     		str	r2, [r3]
 225:Generated_Source\PSoC4/cyfitter_cfg.c **** 	CY_SET_XTND_REG32((void CYFAR *)CYREG_PASS_DSAB_DSAB_CTRL, 0x00000000u);
 273              		.loc 1 225 0
 274 0010 044B     		ldr	r3, .L8+8
 275 0012 0022     		mov	r2, #0
 276 0014 1A60     		str	r2, [r3]
 226:Generated_Source\PSoC4/cyfitter_cfg.c **** }
 277              		.loc 1 226 0
 278 0016 BD46     		mov	sp, r7
 279              		@ sp needed
 280 0018 80BD     		pop	{r7, pc}
 281              	.L9:
 282 001a C046     		.align	2
 283              	.L8:
 284 001c 30003040 		.word	1076887600
 285 0020 30003140 		.word	1076953136
 286 0024 000E3F40 		.word	1077874176
 287              		.cfi_endproc
ARM GAS  C:\Users\MICHS_~1\AppData\Local\Temp\ccldZIfa.s 			page 10


 288              	.LFE6:
 289              		.size	AnalogSetDefault, .-AnalogSetDefault
 290              		.section	.psocinit
 291              		.align	2
 292              		.global	cyfitter_cfg
 293              		.code	16
 294              		.thumb_func
 295              		.type	cyfitter_cfg, %function
 296              	cyfitter_cfg:
 297              	.LFB7:
 227:Generated_Source\PSoC4/cyfitter_cfg.c **** 
 228:Generated_Source\PSoC4/cyfitter_cfg.c **** #define CY_AMUX_UNUSED CYREG_CM0_ROM_DWT
 229:Generated_Source\PSoC4/cyfitter_cfg.c **** 
 230:Generated_Source\PSoC4/cyfitter_cfg.c **** 
 231:Generated_Source\PSoC4/cyfitter_cfg.c **** /*******************************************************************************
 232:Generated_Source\PSoC4/cyfitter_cfg.c **** * Function Name: cyfitter_cfg
 233:Generated_Source\PSoC4/cyfitter_cfg.c **** ********************************************************************************
 234:Generated_Source\PSoC4/cyfitter_cfg.c **** * Summary:
 235:Generated_Source\PSoC4/cyfitter_cfg.c **** *  This function is called by the start-up code for the selected device. It
 236:Generated_Source\PSoC4/cyfitter_cfg.c **** *  performs all of the necessary device configuration based on the design
 237:Generated_Source\PSoC4/cyfitter_cfg.c **** *  settings.  This includes settings from the Design Wide Resources (DWR) such
 238:Generated_Source\PSoC4/cyfitter_cfg.c **** *  as Clocks and Pins as well as any component configuration that is necessary.
 239:Generated_Source\PSoC4/cyfitter_cfg.c **** *
 240:Generated_Source\PSoC4/cyfitter_cfg.c **** * Parameters:  
 241:Generated_Source\PSoC4/cyfitter_cfg.c **** *   void
 242:Generated_Source\PSoC4/cyfitter_cfg.c **** *
 243:Generated_Source\PSoC4/cyfitter_cfg.c **** * Return:
 244:Generated_Source\PSoC4/cyfitter_cfg.c **** *   void
 245:Generated_Source\PSoC4/cyfitter_cfg.c **** *
 246:Generated_Source\PSoC4/cyfitter_cfg.c **** *******************************************************************************/
 247:Generated_Source\PSoC4/cyfitter_cfg.c **** CY_CFG_SECTION
 248:Generated_Source\PSoC4/cyfitter_cfg.c **** void cyfitter_cfg(void)
 249:Generated_Source\PSoC4/cyfitter_cfg.c **** {
 298              		.loc 1 249 0
 299              		.cfi_startproc
 300 00dc 80B5     		push	{r7, lr}
 301              		.cfi_def_cfa_offset 8
 302              		.cfi_offset 7, -8
 303              		.cfi_offset 14, -4
 304 00de 82B0     		sub	sp, sp, #8
 305              		.cfi_def_cfa_offset 16
 306 00e0 00AF     		add	r7, sp, #0
 307              		.cfi_def_cfa_register 7
 250:Generated_Source\PSoC4/cyfitter_cfg.c **** 	/* Disable interrupts by default. Let user enable if/when they want. */
 251:Generated_Source\PSoC4/cyfitter_cfg.c **** 	CyGlobalIntDisable;
 308              		.loc 1 251 0
 309              	@ 251 "Generated_Source\PSoC4\cyfitter_cfg.c" 1
 310 00e2 72B6     		CPSID   i
 311              	@ 0 "" 2
 252:Generated_Source\PSoC4/cyfitter_cfg.c **** 
 253:Generated_Source\PSoC4/cyfitter_cfg.c **** 	CY_SET_XTND_REG32((void CYFAR *)(CYREG_BLE_BLESS_LL_DSM_CTRL), 0x00000000u);
 312              		.loc 1 253 0
 313              		.code	16
 314 00e4 3C4B     		ldr	r3, .L13
 315 00e6 0022     		mov	r2, #0
 316 00e8 1A60     		str	r2, [r3]
 317              	.LBB2:
ARM GAS  C:\Users\MICHS_~1\AppData\Local\Temp\ccldZIfa.s 			page 11


 254:Generated_Source\PSoC4/cyfitter_cfg.c **** 
 255:Generated_Source\PSoC4/cyfitter_cfg.c **** 	{
 256:Generated_Source\PSoC4/cyfitter_cfg.c **** 
 257:Generated_Source\PSoC4/cyfitter_cfg.c **** 		CYPACKED typedef struct {
 258:Generated_Source\PSoC4/cyfitter_cfg.c **** 			void CYFAR *address;
 259:Generated_Source\PSoC4/cyfitter_cfg.c **** 			uint16 size;
 260:Generated_Source\PSoC4/cyfitter_cfg.c **** 		} CYPACKED_ATTR cfg_memset_t;
 261:Generated_Source\PSoC4/cyfitter_cfg.c **** 
 262:Generated_Source\PSoC4/cyfitter_cfg.c **** 		static const cfg_memset_t CYCODE cfg_memset_list [] = {
 263:Generated_Source\PSoC4/cyfitter_cfg.c **** 			/* address, size */
 264:Generated_Source\PSoC4/cyfitter_cfg.c **** 			{(void CYFAR *)(CYDEV_UDB_P0_U0_BASE), 1024u},
 265:Generated_Source\PSoC4/cyfitter_cfg.c **** 			{(void CYFAR *)(CYDEV_UDB_DSI0_BASE), 1024u},
 266:Generated_Source\PSoC4/cyfitter_cfg.c **** 		};
 267:Generated_Source\PSoC4/cyfitter_cfg.c **** 
 268:Generated_Source\PSoC4/cyfitter_cfg.c **** 		uint8 CYDATA i;
 269:Generated_Source\PSoC4/cyfitter_cfg.c **** 
 270:Generated_Source\PSoC4/cyfitter_cfg.c **** 		/* Zero out critical memory blocks before beginning configuration */
 271:Generated_Source\PSoC4/cyfitter_cfg.c **** 		for (i = 0u; i < (sizeof(cfg_memset_list)/sizeof(cfg_memset_list[0])); i++)
 318              		.loc 1 271 0
 319 00ea FB1D     		add	r3, r7, #7
 320 00ec 0022     		mov	r2, #0
 321 00ee 1A70     		strb	r2, [r3]
 322 00f0 23E0     		b	.L11
 323              	.L12:
 324              	.LBB3:
 272:Generated_Source\PSoC4/cyfitter_cfg.c **** 		{
 273:Generated_Source\PSoC4/cyfitter_cfg.c **** 			const cfg_memset_t CYCODE * CYDATA ms = &cfg_memset_list[i];
 325              		.loc 1 273 0 discriminator 3
 326 00f2 FB1D     		add	r3, r7, #7
 327 00f4 1A78     		ldrb	r2, [r3]
 328 00f6 131C     		mov	r3, r2
 329 00f8 5B00     		lsl	r3, r3, #1
 330 00fa 9B18     		add	r3, r3, r2
 331 00fc 5B00     		lsl	r3, r3, #1
 332 00fe 374A     		ldr	r2, .L13+4
 333 0100 9B18     		add	r3, r3, r2
 334 0102 3B60     		str	r3, [r7]
 274:Generated_Source\PSoC4/cyfitter_cfg.c **** 			CYMEMZERO(ms->address, (size_t)(uint32)(ms->size));
 335              		.loc 1 274 0 discriminator 3
 336 0104 3B68     		ldr	r3, [r7]
 337 0106 1A78     		ldrb	r2, [r3]
 338 0108 5978     		ldrb	r1, [r3, #1]
 339 010a 0902     		lsl	r1, r1, #8
 340 010c 0A43     		orr	r2, r1
 341 010e 9978     		ldrb	r1, [r3, #2]
 342 0110 0904     		lsl	r1, r1, #16
 343 0112 0A43     		orr	r2, r1
 344 0114 DB78     		ldrb	r3, [r3, #3]
 345 0116 1B06     		lsl	r3, r3, #24
 346 0118 1343     		orr	r3, r2
 347 011a 191C     		mov	r1, r3
 348 011c 3B68     		ldr	r3, [r7]
 349 011e 1A79     		ldrb	r2, [r3, #4]
 350 0120 5B79     		ldrb	r3, [r3, #5]
 351 0122 1B02     		lsl	r3, r3, #8
 352 0124 1343     		orr	r3, r2
 353 0126 9BB2     		uxth	r3, r3
ARM GAS  C:\Users\MICHS_~1\AppData\Local\Temp\ccldZIfa.s 			page 12


 354 0128 081C     		mov	r0, r1
 355 012a 191C     		mov	r1, r3
 356 012c FFF7FEFF 		bl	CYMEMZERO
 357              	.LBE3:
 271:Generated_Source\PSoC4/cyfitter_cfg.c **** 		{
 358              		.loc 1 271 0 discriminator 3
 359 0130 FB1D     		add	r3, r7, #7
 360 0132 1A78     		ldrb	r2, [r3]
 361 0134 FB1D     		add	r3, r7, #7
 362 0136 0132     		add	r2, r2, #1
 363 0138 1A70     		strb	r2, [r3]
 364              	.L11:
 271:Generated_Source\PSoC4/cyfitter_cfg.c **** 		{
 365              		.loc 1 271 0 is_stmt 0 discriminator 1
 366 013a FB1D     		add	r3, r7, #7
 367 013c 1B78     		ldrb	r3, [r3]
 368 013e 012B     		cmp	r3, #1
 369 0140 D7D9     		bls	.L12
 275:Generated_Source\PSoC4/cyfitter_cfg.c **** 		}
 276:Generated_Source\PSoC4/cyfitter_cfg.c **** 
 277:Generated_Source\PSoC4/cyfitter_cfg.c **** 		/* HSIOM Starting address: CYDEV_HSIOM_BASE */
 278:Generated_Source\PSoC4/cyfitter_cfg.c **** 		CY_SET_XTND_REG32((void CYFAR *)(CYDEV_HSIOM_BASE), 0xEE000000u);
 370              		.loc 1 278 0 is_stmt 1
 371 0142 274B     		ldr	r3, .L13+8
 372 0144 EE22     		mov	r2, #238
 373 0146 1206     		lsl	r2, r2, #24
 374 0148 1A60     		str	r2, [r3]
 279:Generated_Source\PSoC4/cyfitter_cfg.c **** 		CY_SET_XTND_REG32((void CYFAR *)(CYREG_HSIOM_PORT_SEL1), 0x00990000u);
 375              		.loc 1 279 0
 376 014a 264B     		ldr	r3, .L13+12
 377 014c 9922     		mov	r2, #153
 378 014e 1204     		lsl	r2, r2, #16
 379 0150 1A60     		str	r2, [r3]
 280:Generated_Source\PSoC4/cyfitter_cfg.c **** 
 281:Generated_Source\PSoC4/cyfitter_cfg.c **** 		/* UDB_PA_0 Starting address: CYDEV_UDB_PA0_BASE */
 282:Generated_Source\PSoC4/cyfitter_cfg.c **** 		CY_SET_XTND_REG32((void CYFAR *)(CYDEV_UDB_PA0_BASE), 0x00990000u);
 380              		.loc 1 282 0
 381 0152 254B     		ldr	r3, .L13+16
 382 0154 9922     		mov	r2, #153
 383 0156 1204     		lsl	r2, r2, #16
 384 0158 1A60     		str	r2, [r3]
 283:Generated_Source\PSoC4/cyfitter_cfg.c **** 
 284:Generated_Source\PSoC4/cyfitter_cfg.c **** 		/* UDB_PA_1 Starting address: CYDEV_UDB_PA1_BASE */
 285:Generated_Source\PSoC4/cyfitter_cfg.c **** 		CY_SET_XTND_REG32((void CYFAR *)(CYDEV_UDB_PA1_BASE), 0x00990000u);
 385              		.loc 1 285 0
 386 015a 244B     		ldr	r3, .L13+20
 387 015c 9922     		mov	r2, #153
 388 015e 1204     		lsl	r2, r2, #16
 389 0160 1A60     		str	r2, [r3]
 286:Generated_Source\PSoC4/cyfitter_cfg.c **** 
 287:Generated_Source\PSoC4/cyfitter_cfg.c **** 		/* UDB_PA_3 Starting address: CYDEV_UDB_PA3_BASE */
 288:Generated_Source\PSoC4/cyfitter_cfg.c **** 		CY_SET_XTND_REG32((void CYFAR *)(CYDEV_UDB_PA3_BASE), 0x00990000u);
 390              		.loc 1 288 0
 391 0162 234B     		ldr	r3, .L13+24
 392 0164 9922     		mov	r2, #153
 393 0166 1204     		lsl	r2, r2, #16
 394 0168 1A60     		str	r2, [r3]
ARM GAS  C:\Users\MICHS_~1\AppData\Local\Temp\ccldZIfa.s 			page 13


 289:Generated_Source\PSoC4/cyfitter_cfg.c **** 
 290:Generated_Source\PSoC4/cyfitter_cfg.c **** 		/* Enable digital routing */
 291:Generated_Source\PSoC4/cyfitter_cfg.c **** 		CY_SET_XTND_REG8((void *)CYREG_UDB_UDBIF_BANK_CTL, CY_GET_XTND_REG8((void *)CYREG_UDB_UDBIF_BANK_
 395              		.loc 1 291 0
 396 016a 224A     		ldr	r2, .L13+28
 397 016c 214B     		ldr	r3, .L13+28
 398 016e 1B78     		ldrb	r3, [r3]
 399 0170 DBB2     		uxtb	r3, r3
 400 0172 0221     		mov	r1, #2
 401 0174 0B43     		orr	r3, r1
 402 0176 DBB2     		uxtb	r3, r3
 403 0178 1370     		strb	r3, [r2]
 292:Generated_Source\PSoC4/cyfitter_cfg.c **** 
 293:Generated_Source\PSoC4/cyfitter_cfg.c **** 		/* Enable UDB array */
 294:Generated_Source\PSoC4/cyfitter_cfg.c **** 		CY_SET_XTND_REG8((void *)CYREG_UDB_UDBIF_WAIT_CFG, (uint8)((CY_GET_XTND_REG8((void *)CYREG_UDB_UD
 404              		.loc 1 294 0
 405 017a 1F4A     		ldr	r2, .L13+32
 406 017c 1E4B     		ldr	r3, .L13+32
 407 017e 1B78     		ldrb	r3, [r3]
 408 0180 DBB2     		uxtb	r3, r3
 409 0182 3C21     		mov	r1, #60
 410 0184 8B43     		bic	r3, r1
 411 0186 DBB2     		uxtb	r3, r3
 412 0188 1421     		mov	r1, #20
 413 018a 0B43     		orr	r3, r1
 414 018c DBB2     		uxtb	r3, r3
 415 018e 1370     		strb	r3, [r2]
 295:Generated_Source\PSoC4/cyfitter_cfg.c **** 		CY_SET_XTND_REG8((void *)CYREG_UDB_UDBIF_BANK_CTL, (uint8)(CY_GET_XTND_REG8((void *)CYREG_UDB_UDB
 416              		.loc 1 295 0
 417 0190 184A     		ldr	r2, .L13+28
 418 0192 184B     		ldr	r3, .L13+28
 419 0194 1B78     		ldrb	r3, [r3]
 420 0196 DBB2     		uxtb	r3, r3
 421 0198 1621     		mov	r1, #22
 422 019a 0B43     		orr	r3, r1
 423 019c DBB2     		uxtb	r3, r3
 424 019e 1370     		strb	r3, [r2]
 425              	.LBE2:
 296:Generated_Source\PSoC4/cyfitter_cfg.c **** 	}
 297:Generated_Source\PSoC4/cyfitter_cfg.c **** 
 298:Generated_Source\PSoC4/cyfitter_cfg.c **** 	/* Perform second pass device configuration. These items must be configured in specific order afte
 299:Generated_Source\PSoC4/cyfitter_cfg.c **** 	/* IOPINS0_0 Starting address: CYDEV_GPIO_PRT0_BASE */
 300:Generated_Source\PSoC4/cyfitter_cfg.c **** 	CY_SET_XTND_REG32((void CYFAR *)(CYREG_GPIO_PRT0_PC), 0x00D80000u);
 426              		.loc 1 300 0
 427 01a0 164B     		ldr	r3, .L13+36
 428 01a2 D822     		mov	r2, #216
 429 01a4 1204     		lsl	r2, r2, #16
 430 01a6 1A60     		str	r2, [r3]
 301:Generated_Source\PSoC4/cyfitter_cfg.c **** 
 302:Generated_Source\PSoC4/cyfitter_cfg.c **** 	/* IOPINS0_1 Starting address: CYDEV_GPIO_PRT1_BASE */
 303:Generated_Source\PSoC4/cyfitter_cfg.c **** 	CY_SET_XTND_REG32((void CYFAR *)(CYDEV_GPIO_PRT1_BASE), 0x00000020u);
 431              		.loc 1 303 0
 432 01a8 154B     		ldr	r3, .L13+40
 433 01aa 2022     		mov	r2, #32
 434 01ac 1A60     		str	r2, [r3]
 304:Generated_Source\PSoC4/cyfitter_cfg.c **** 	CY_SET_XTND_REG32((void CYFAR *)(CYREG_GPIO_PRT1_PC), 0x00031000u);
 435              		.loc 1 304 0
ARM GAS  C:\Users\MICHS_~1\AppData\Local\Temp\ccldZIfa.s 			page 14


 436 01ae 154B     		ldr	r3, .L13+44
 437 01b0 C422     		mov	r2, #196
 438 01b2 9202     		lsl	r2, r2, #10
 439 01b4 1A60     		str	r2, [r3]
 305:Generated_Source\PSoC4/cyfitter_cfg.c **** 	CY_SET_XTND_REG32((void CYFAR *)(CYREG_GPIO_PRT1_PC2), 0x00000020u);
 440              		.loc 1 305 0
 441 01b6 144B     		ldr	r3, .L13+48
 442 01b8 2022     		mov	r2, #32
 443 01ba 1A60     		str	r2, [r3]
 306:Generated_Source\PSoC4/cyfitter_cfg.c **** 
 307:Generated_Source\PSoC4/cyfitter_cfg.c **** 	/* IOPINS0_3 Starting address: CYDEV_GPIO_PRT3_BASE */
 308:Generated_Source\PSoC4/cyfitter_cfg.c **** 	CY_SET_XTND_REG32((void CYFAR *)(CYDEV_GPIO_PRT3_BASE), 0x00000008u);
 444              		.loc 1 308 0
 445 01bc 134B     		ldr	r3, .L13+52
 446 01be 0822     		mov	r2, #8
 447 01c0 1A60     		str	r2, [r3]
 309:Generated_Source\PSoC4/cyfitter_cfg.c **** 	CY_SET_XTND_REG32((void CYFAR *)(CYREG_GPIO_PRT3_PC), 0x00000800u);
 448              		.loc 1 309 0
 449 01c2 134B     		ldr	r3, .L13+56
 450 01c4 8022     		mov	r2, #128
 451 01c6 1201     		lsl	r2, r2, #4
 452 01c8 1A60     		str	r2, [r3]
 310:Generated_Source\PSoC4/cyfitter_cfg.c **** 
 311:Generated_Source\PSoC4/cyfitter_cfg.c **** 
 312:Generated_Source\PSoC4/cyfitter_cfg.c **** 	/* Setup clocks based on selections from Clock DWR */
 313:Generated_Source\PSoC4/cyfitter_cfg.c **** 	ClockSetup();
 453              		.loc 1 313 0
 454 01ca FFF719FF 		bl	ClockSetup
 314:Generated_Source\PSoC4/cyfitter_cfg.c **** 
 315:Generated_Source\PSoC4/cyfitter_cfg.c **** 	/* Perform basic analog initialization to defaults */
 316:Generated_Source\PSoC4/cyfitter_cfg.c **** 	AnalogSetDefault();
 455              		.loc 1 316 0
 456 01ce FFF7FEFF 		bl	AnalogSetDefault
 317:Generated_Source\PSoC4/cyfitter_cfg.c **** 
 318:Generated_Source\PSoC4/cyfitter_cfg.c **** }
 457              		.loc 1 318 0
 458 01d2 BD46     		mov	sp, r7
 459 01d4 02B0     		add	sp, sp, #8
 460              		@ sp needed
 461 01d6 80BD     		pop	{r7, pc}
 462              	.L14:
 463              		.align	2
 464              	.L13:
 465 01d8 6CF02E40 		.word	1076818028
 466 01dc 00000000 		.word	cfg_memset_list.4762
 467 01e0 00000240 		.word	1073872896
 468 01e4 00010240 		.word	1073873152
 469 01e8 00500F40 		.word	1074745344
 470 01ec 10500F40 		.word	1074745360
 471 01f0 30500F40 		.word	1074745392
 472 01f4 00700F40 		.word	1074753536
 473 01f8 01700F40 		.word	1074753537
 474 01fc 08000440 		.word	1074003976
 475 0200 00010440 		.word	1074004224
 476 0204 08010440 		.word	1074004232
 477 0208 18010440 		.word	1074004248
 478 020c 00030440 		.word	1074004736
ARM GAS  C:\Users\MICHS_~1\AppData\Local\Temp\ccldZIfa.s 			page 15


 479 0210 08030440 		.word	1074004744
 480              		.cfi_endproc
 481              	.LFE7:
 482              		.size	cyfitter_cfg, .-cyfitter_cfg
 483              		.section	.rodata
 484              		.align	2
 485              		.type	cfg_memset_list.4762, %object
 486              		.size	cfg_memset_list.4762, 12
 487              	cfg_memset_list.4762:
 488 0000 00300F40 		.word	1074737152
 489 0004 0004     		.short	1024
 490 0006 00400F40 		.4byte	1074741248
 491 000a 0004     		.short	1024
 492              		.text
 493              	.Letext0:
 494              		.file 2 "c:\\program files (x86)\\cypress\\psoc creator\\4.0\\psoc creator\\import\\gnu\\arm\\4.9.
 495              		.file 3 "Generated_Source\\PSoC4\\cytypes.h"
 496              		.section	.debug_info,"",%progbits
 497              	.Ldebug_info0:
 498 0000 4D020000 		.4byte	0x24d
 499 0004 0400     		.2byte	0x4
 500 0006 00000000 		.4byte	.Ldebug_abbrev0
 501 000a 04       		.byte	0x4
 502 000b 01       		.uleb128 0x1
 503 000c A5000000 		.4byte	.LASF29
 504 0010 01       		.byte	0x1
 505 0011 09020000 		.4byte	.LASF30
 506 0015 96010000 		.4byte	.LASF31
 507 0019 00000000 		.4byte	.Ldebug_ranges0+0
 508 001d 00000000 		.4byte	0
 509 0021 00000000 		.4byte	.Ldebug_line0
 510 0025 02       		.uleb128 0x2
 511 0026 04       		.byte	0x4
 512 0027 05       		.byte	0x5
 513 0028 696E7400 		.ascii	"int\000"
 514 002c 03       		.uleb128 0x3
 515 002d 06000000 		.4byte	.LASF11
 516 0031 02       		.byte	0x2
 517 0032 D4       		.byte	0xd4
 518 0033 37000000 		.4byte	0x37
 519 0037 04       		.uleb128 0x4
 520 0038 04       		.byte	0x4
 521 0039 07       		.byte	0x7
 522 003a 41010000 		.4byte	.LASF0
 523 003e 04       		.uleb128 0x4
 524 003f 01       		.byte	0x1
 525 0040 06       		.byte	0x6
 526 0041 FD010000 		.4byte	.LASF1
 527 0045 04       		.uleb128 0x4
 528 0046 01       		.byte	0x1
 529 0047 08       		.byte	0x8
 530 0048 83000000 		.4byte	.LASF2
 531 004c 04       		.uleb128 0x4
 532 004d 02       		.byte	0x2
 533 004e 05       		.byte	0x5
 534 004f EA010000 		.4byte	.LASF3
 535 0053 04       		.uleb128 0x4
ARM GAS  C:\Users\MICHS_~1\AppData\Local\Temp\ccldZIfa.s 			page 16


 536 0054 02       		.byte	0x2
 537 0055 07       		.byte	0x7
 538 0056 39000000 		.4byte	.LASF4
 539 005a 04       		.uleb128 0x4
 540 005b 04       		.byte	0x4
 541 005c 05       		.byte	0x5
 542 005d F4010000 		.4byte	.LASF5
 543 0061 04       		.uleb128 0x4
 544 0062 04       		.byte	0x4
 545 0063 07       		.byte	0x7
 546 0064 61000000 		.4byte	.LASF6
 547 0068 04       		.uleb128 0x4
 548 0069 08       		.byte	0x8
 549 006a 05       		.byte	0x5
 550 006b 83010000 		.4byte	.LASF7
 551 006f 04       		.uleb128 0x4
 552 0070 08       		.byte	0x8
 553 0071 07       		.byte	0x7
 554 0072 56010000 		.4byte	.LASF8
 555 0076 04       		.uleb128 0x4
 556 0077 04       		.byte	0x4
 557 0078 07       		.byte	0x7
 558 0079 7A010000 		.4byte	.LASF9
 559 007d 05       		.uleb128 0x5
 560 007e 04       		.byte	0x4
 561 007f 04       		.uleb128 0x4
 562 0080 01       		.byte	0x1
 563 0081 08       		.byte	0x8
 564 0082 91010000 		.4byte	.LASF10
 565 0086 06       		.uleb128 0x6
 566 0087 73000000 		.4byte	.LASF12
 567 008b 03       		.byte	0x3
 568 008c B901     		.2byte	0x1b9
 569 008e 45000000 		.4byte	0x45
 570 0092 06       		.uleb128 0x6
 571 0093 33010000 		.4byte	.LASF13
 572 0097 03       		.byte	0x3
 573 0098 BA01     		.2byte	0x1ba
 574 009a 53000000 		.4byte	0x53
 575 009e 06       		.uleb128 0x6
 576 009f 3A010000 		.4byte	.LASF14
 577 00a3 03       		.byte	0x3
 578 00a4 BB01     		.2byte	0x1bb
 579 00a6 61000000 		.4byte	0x61
 580 00aa 04       		.uleb128 0x4
 581 00ab 04       		.byte	0x4
 582 00ac 04       		.byte	0x4
 583 00ad 4C000000 		.4byte	.LASF15
 584 00b1 04       		.uleb128 0x4
 585 00b2 08       		.byte	0x8
 586 00b3 04       		.byte	0x4
 587 00b4 91000000 		.4byte	.LASF16
 588 00b8 06       		.uleb128 0x6
 589 00b9 5C000000 		.4byte	.LASF17
 590 00bd 03       		.byte	0x3
 591 00be 6302     		.2byte	0x263
 592 00c0 C4000000 		.4byte	0xc4
ARM GAS  C:\Users\MICHS_~1\AppData\Local\Temp\ccldZIfa.s 			page 17


 593 00c4 07       		.uleb128 0x7
 594 00c5 86000000 		.4byte	0x86
 595 00c9 06       		.uleb128 0x6
 596 00ca 00000000 		.4byte	.LASF18
 597 00ce 03       		.byte	0x3
 598 00cf 6502     		.2byte	0x265
 599 00d1 D5000000 		.4byte	0xd5
 600 00d5 07       		.uleb128 0x7
 601 00d6 9E000000 		.4byte	0x9e
 602 00da 08       		.uleb128 0x8
 603 00db 79000000 		.4byte	.LASF19
 604 00df 01       		.byte	0x1
 605 00e0 3C       		.byte	0x3c
 606 00e1 00000000 		.4byte	.LFB2
 607 00e5 1E000000 		.4byte	.LFE2-.LFB2
 608 00e9 01       		.uleb128 0x1
 609 00ea 9C       		.byte	0x9c
 610 00eb 08010000 		.4byte	0x108
 611 00ef 09       		.uleb128 0x9
 612 00f0 7300     		.ascii	"s\000"
 613 00f2 01       		.byte	0x1
 614 00f3 3C       		.byte	0x3c
 615 00f4 7D000000 		.4byte	0x7d
 616 00f8 02       		.uleb128 0x2
 617 00f9 91       		.byte	0x91
 618 00fa 74       		.sleb128 -12
 619 00fb 09       		.uleb128 0x9
 620 00fc 6E00     		.ascii	"n\000"
 621 00fe 01       		.byte	0x1
 622 00ff 3C       		.byte	0x3c
 623 0100 2C000000 		.4byte	0x2c
 624 0104 02       		.uleb128 0x2
 625 0105 91       		.byte	0x91
 626 0106 70       		.sleb128 -16
 627 0107 00       		.byte	0
 628 0108 08       		.uleb128 0x8
 629 0109 3F020000 		.4byte	.LASF20
 630 010d 01       		.byte	0x1
 631 010e 43       		.byte	0x43
 632 010f 00000000 		.4byte	.LFB3
 633 0113 22000000 		.4byte	.LFE3-.LFB3
 634 0117 01       		.uleb128 0x1
 635 0118 9C       		.byte	0x9c
 636 0119 46010000 		.4byte	0x146
 637 011d 0A       		.uleb128 0xa
 638 011e 52000000 		.4byte	.LASF21
 639 0122 01       		.byte	0x1
 640 0123 43       		.byte	0x43
 641 0124 7D000000 		.4byte	0x7d
 642 0128 02       		.uleb128 0x2
 643 0129 91       		.byte	0x91
 644 012a 74       		.sleb128 -12
 645 012b 09       		.uleb128 0x9
 646 012c 73726300 		.ascii	"src\000"
 647 0130 01       		.byte	0x1
 648 0131 43       		.byte	0x43
 649 0132 46010000 		.4byte	0x146
ARM GAS  C:\Users\MICHS_~1\AppData\Local\Temp\ccldZIfa.s 			page 18


 650 0136 02       		.uleb128 0x2
 651 0137 91       		.byte	0x91
 652 0138 70       		.sleb128 -16
 653 0139 09       		.uleb128 0x9
 654 013a 6E00     		.ascii	"n\000"
 655 013c 01       		.byte	0x1
 656 013d 43       		.byte	0x43
 657 013e 2C000000 		.4byte	0x2c
 658 0142 02       		.uleb128 0x2
 659 0143 91       		.byte	0x91
 660 0144 6C       		.sleb128 -20
 661 0145 00       		.byte	0
 662 0146 0B       		.uleb128 0xb
 663 0147 04       		.byte	0x4
 664 0148 4C010000 		.4byte	0x14c
 665 014c 0C       		.uleb128 0xc
 666 014d 08       		.uleb128 0x8
 667 014e 2F020000 		.4byte	.LASF22
 668 0152 01       		.byte	0x1
 669 0153 4A       		.byte	0x4a
 670 0154 00000000 		.4byte	.LFB4
 671 0158 22000000 		.4byte	.LFE4-.LFB4
 672 015c 01       		.uleb128 0x1
 673 015d 9C       		.byte	0x9c
 674 015e 8B010000 		.4byte	0x18b
 675 0162 0A       		.uleb128 0xa
 676 0163 52000000 		.4byte	.LASF21
 677 0167 01       		.byte	0x1
 678 0168 4A       		.byte	0x4a
 679 0169 7D000000 		.4byte	0x7d
 680 016d 02       		.uleb128 0x2
 681 016e 91       		.byte	0x91
 682 016f 74       		.sleb128 -12
 683 0170 09       		.uleb128 0x9
 684 0171 73726300 		.ascii	"src\000"
 685 0175 01       		.byte	0x1
 686 0176 4A       		.byte	0x4a
 687 0177 46010000 		.4byte	0x146
 688 017b 02       		.uleb128 0x2
 689 017c 91       		.byte	0x91
 690 017d 70       		.sleb128 -16
 691 017e 09       		.uleb128 0x9
 692 017f 6E00     		.ascii	"n\000"
 693 0181 01       		.byte	0x1
 694 0182 4A       		.byte	0x4a
 695 0183 2C000000 		.4byte	0x2c
 696 0187 02       		.uleb128 0x2
 697 0188 91       		.byte	0x91
 698 0189 6C       		.sleb128 -20
 699 018a 00       		.byte	0
 700 018b 0D       		.uleb128 0xd
 701 018c 2E000000 		.4byte	.LASF23
 702 0190 01       		.byte	0x1
 703 0191 9A       		.byte	0x9a
 704 0192 00000000 		.4byte	.LFB5
 705 0196 DC000000 		.4byte	.LFE5-.LFB5
 706 019a 01       		.uleb128 0x1
ARM GAS  C:\Users\MICHS_~1\AppData\Local\Temp\ccldZIfa.s 			page 19


 707 019b 9C       		.byte	0x9c
 708 019c 0E       		.uleb128 0xe
 709 019d 0D000000 		.4byte	.LASF24
 710 01a1 01       		.byte	0x1
 711 01a2 DD       		.byte	0xdd
 712 01a3 00000000 		.4byte	.LFB6
 713 01a7 28000000 		.4byte	.LFE6-.LFB6
 714 01ab 01       		.uleb128 0x1
 715 01ac 9C       		.byte	0x9c
 716 01ad 0F       		.uleb128 0xf
 717 01ae 98000000 		.4byte	.LASF32
 718 01b2 01       		.byte	0x1
 719 01b3 F8       		.byte	0xf8
 720 01b4 DC000000 		.4byte	.LFB7
 721 01b8 38010000 		.4byte	.LFE7-.LFB7
 722 01bc 01       		.uleb128 0x1
 723 01bd 9C       		.byte	0x9c
 724 01be 10       		.uleb128 0x10
 725 01bf EA000000 		.4byte	.LBB2
 726 01c3 B6000000 		.4byte	.LBE2-.LBB2
 727 01c7 11       		.uleb128 0x11
 728 01c8 06       		.byte	0x6
 729 01c9 01       		.byte	0x1
 730 01ca 0101     		.2byte	0x101
 731 01cc EB010000 		.4byte	0x1eb
 732 01d0 12       		.uleb128 0x12
 733 01d1 4E010000 		.4byte	.LASF25
 734 01d5 01       		.byte	0x1
 735 01d6 0201     		.2byte	0x102
 736 01d8 7D000000 		.4byte	0x7d
 737 01dc 00       		.byte	0
 738 01dd 12       		.uleb128 0x12
 739 01de 57000000 		.4byte	.LASF26
 740 01e2 01       		.byte	0x1
 741 01e3 0301     		.2byte	0x103
 742 01e5 92000000 		.4byte	0x92
 743 01e9 04       		.byte	0x4
 744 01ea 00       		.byte	0
 745 01eb 06       		.uleb128 0x6
 746 01ec 6D010000 		.4byte	.LASF27
 747 01f0 01       		.byte	0x1
 748 01f1 0401     		.2byte	0x104
 749 01f3 C7010000 		.4byte	0x1c7
 750 01f7 13       		.uleb128 0x13
 751 01f8 EB010000 		.4byte	0x1eb
 752 01fc 07020000 		.4byte	0x207
 753 0200 14       		.uleb128 0x14
 754 0201 76000000 		.4byte	0x76
 755 0205 01       		.byte	0x1
 756 0206 00       		.byte	0
 757 0207 15       		.uleb128 0x15
 758 0208 1E000000 		.4byte	.LASF28
 759 020c 01       		.byte	0x1
 760 020d 0601     		.2byte	0x106
 761 020f 19020000 		.4byte	0x219
 762 0213 05       		.uleb128 0x5
 763 0214 03       		.byte	0x3
ARM GAS  C:\Users\MICHS_~1\AppData\Local\Temp\ccldZIfa.s 			page 20


 764 0215 00000000 		.4byte	cfg_memset_list.4762
 765 0219 16       		.uleb128 0x16
 766 021a F7010000 		.4byte	0x1f7
 767 021e 17       		.uleb128 0x17
 768 021f 6900     		.ascii	"i\000"
 769 0221 01       		.byte	0x1
 770 0222 0C01     		.2byte	0x10c
 771 0224 86000000 		.4byte	0x86
 772 0228 02       		.uleb128 0x2
 773 0229 91       		.byte	0x91
 774 022a 77       		.sleb128 -9
 775 022b 10       		.uleb128 0x10
 776 022c F2000000 		.4byte	.LBB3
 777 0230 3E000000 		.4byte	.LBE3-.LBB3
 778 0234 17       		.uleb128 0x17
 779 0235 6D7300   		.ascii	"ms\000"
 780 0238 01       		.byte	0x1
 781 0239 1101     		.2byte	0x111
 782 023b 42020000 		.4byte	0x242
 783 023f 02       		.uleb128 0x2
 784 0240 91       		.byte	0x91
 785 0241 70       		.sleb128 -16
 786 0242 0B       		.uleb128 0xb
 787 0243 04       		.byte	0x4
 788 0244 48020000 		.4byte	0x248
 789 0248 16       		.uleb128 0x16
 790 0249 EB010000 		.4byte	0x1eb
 791 024d 00       		.byte	0
 792 024e 00       		.byte	0
 793 024f 00       		.byte	0
 794 0250 00       		.byte	0
 795              		.section	.debug_abbrev,"",%progbits
 796              	.Ldebug_abbrev0:
 797 0000 01       		.uleb128 0x1
 798 0001 11       		.uleb128 0x11
 799 0002 01       		.byte	0x1
 800 0003 25       		.uleb128 0x25
 801 0004 0E       		.uleb128 0xe
 802 0005 13       		.uleb128 0x13
 803 0006 0B       		.uleb128 0xb
 804 0007 03       		.uleb128 0x3
 805 0008 0E       		.uleb128 0xe
 806 0009 1B       		.uleb128 0x1b
 807 000a 0E       		.uleb128 0xe
 808 000b 55       		.uleb128 0x55
 809 000c 17       		.uleb128 0x17
 810 000d 11       		.uleb128 0x11
 811 000e 01       		.uleb128 0x1
 812 000f 10       		.uleb128 0x10
 813 0010 17       		.uleb128 0x17
 814 0011 00       		.byte	0
 815 0012 00       		.byte	0
 816 0013 02       		.uleb128 0x2
 817 0014 24       		.uleb128 0x24
 818 0015 00       		.byte	0
 819 0016 0B       		.uleb128 0xb
 820 0017 0B       		.uleb128 0xb
ARM GAS  C:\Users\MICHS_~1\AppData\Local\Temp\ccldZIfa.s 			page 21


 821 0018 3E       		.uleb128 0x3e
 822 0019 0B       		.uleb128 0xb
 823 001a 03       		.uleb128 0x3
 824 001b 08       		.uleb128 0x8
 825 001c 00       		.byte	0
 826 001d 00       		.byte	0
 827 001e 03       		.uleb128 0x3
 828 001f 16       		.uleb128 0x16
 829 0020 00       		.byte	0
 830 0021 03       		.uleb128 0x3
 831 0022 0E       		.uleb128 0xe
 832 0023 3A       		.uleb128 0x3a
 833 0024 0B       		.uleb128 0xb
 834 0025 3B       		.uleb128 0x3b
 835 0026 0B       		.uleb128 0xb
 836 0027 49       		.uleb128 0x49
 837 0028 13       		.uleb128 0x13
 838 0029 00       		.byte	0
 839 002a 00       		.byte	0
 840 002b 04       		.uleb128 0x4
 841 002c 24       		.uleb128 0x24
 842 002d 00       		.byte	0
 843 002e 0B       		.uleb128 0xb
 844 002f 0B       		.uleb128 0xb
 845 0030 3E       		.uleb128 0x3e
 846 0031 0B       		.uleb128 0xb
 847 0032 03       		.uleb128 0x3
 848 0033 0E       		.uleb128 0xe
 849 0034 00       		.byte	0
 850 0035 00       		.byte	0
 851 0036 05       		.uleb128 0x5
 852 0037 0F       		.uleb128 0xf
 853 0038 00       		.byte	0
 854 0039 0B       		.uleb128 0xb
 855 003a 0B       		.uleb128 0xb
 856 003b 00       		.byte	0
 857 003c 00       		.byte	0
 858 003d 06       		.uleb128 0x6
 859 003e 16       		.uleb128 0x16
 860 003f 00       		.byte	0
 861 0040 03       		.uleb128 0x3
 862 0041 0E       		.uleb128 0xe
 863 0042 3A       		.uleb128 0x3a
 864 0043 0B       		.uleb128 0xb
 865 0044 3B       		.uleb128 0x3b
 866 0045 05       		.uleb128 0x5
 867 0046 49       		.uleb128 0x49
 868 0047 13       		.uleb128 0x13
 869 0048 00       		.byte	0
 870 0049 00       		.byte	0
 871 004a 07       		.uleb128 0x7
 872 004b 35       		.uleb128 0x35
 873 004c 00       		.byte	0
 874 004d 49       		.uleb128 0x49
 875 004e 13       		.uleb128 0x13
 876 004f 00       		.byte	0
 877 0050 00       		.byte	0
ARM GAS  C:\Users\MICHS_~1\AppData\Local\Temp\ccldZIfa.s 			page 22


 878 0051 08       		.uleb128 0x8
 879 0052 2E       		.uleb128 0x2e
 880 0053 01       		.byte	0x1
 881 0054 03       		.uleb128 0x3
 882 0055 0E       		.uleb128 0xe
 883 0056 3A       		.uleb128 0x3a
 884 0057 0B       		.uleb128 0xb
 885 0058 3B       		.uleb128 0x3b
 886 0059 0B       		.uleb128 0xb
 887 005a 27       		.uleb128 0x27
 888 005b 19       		.uleb128 0x19
 889 005c 11       		.uleb128 0x11
 890 005d 01       		.uleb128 0x1
 891 005e 12       		.uleb128 0x12
 892 005f 06       		.uleb128 0x6
 893 0060 40       		.uleb128 0x40
 894 0061 18       		.uleb128 0x18
 895 0062 9642     		.uleb128 0x2116
 896 0064 19       		.uleb128 0x19
 897 0065 01       		.uleb128 0x1
 898 0066 13       		.uleb128 0x13
 899 0067 00       		.byte	0
 900 0068 00       		.byte	0
 901 0069 09       		.uleb128 0x9
 902 006a 05       		.uleb128 0x5
 903 006b 00       		.byte	0
 904 006c 03       		.uleb128 0x3
 905 006d 08       		.uleb128 0x8
 906 006e 3A       		.uleb128 0x3a
 907 006f 0B       		.uleb128 0xb
 908 0070 3B       		.uleb128 0x3b
 909 0071 0B       		.uleb128 0xb
 910 0072 49       		.uleb128 0x49
 911 0073 13       		.uleb128 0x13
 912 0074 02       		.uleb128 0x2
 913 0075 18       		.uleb128 0x18
 914 0076 00       		.byte	0
 915 0077 00       		.byte	0
 916 0078 0A       		.uleb128 0xa
 917 0079 05       		.uleb128 0x5
 918 007a 00       		.byte	0
 919 007b 03       		.uleb128 0x3
 920 007c 0E       		.uleb128 0xe
 921 007d 3A       		.uleb128 0x3a
 922 007e 0B       		.uleb128 0xb
 923 007f 3B       		.uleb128 0x3b
 924 0080 0B       		.uleb128 0xb
 925 0081 49       		.uleb128 0x49
 926 0082 13       		.uleb128 0x13
 927 0083 02       		.uleb128 0x2
 928 0084 18       		.uleb128 0x18
 929 0085 00       		.byte	0
 930 0086 00       		.byte	0
 931 0087 0B       		.uleb128 0xb
 932 0088 0F       		.uleb128 0xf
 933 0089 00       		.byte	0
 934 008a 0B       		.uleb128 0xb
ARM GAS  C:\Users\MICHS_~1\AppData\Local\Temp\ccldZIfa.s 			page 23


 935 008b 0B       		.uleb128 0xb
 936 008c 49       		.uleb128 0x49
 937 008d 13       		.uleb128 0x13
 938 008e 00       		.byte	0
 939 008f 00       		.byte	0
 940 0090 0C       		.uleb128 0xc
 941 0091 26       		.uleb128 0x26
 942 0092 00       		.byte	0
 943 0093 00       		.byte	0
 944 0094 00       		.byte	0
 945 0095 0D       		.uleb128 0xd
 946 0096 2E       		.uleb128 0x2e
 947 0097 00       		.byte	0
 948 0098 03       		.uleb128 0x3
 949 0099 0E       		.uleb128 0xe
 950 009a 3A       		.uleb128 0x3a
 951 009b 0B       		.uleb128 0xb
 952 009c 3B       		.uleb128 0x3b
 953 009d 0B       		.uleb128 0xb
 954 009e 27       		.uleb128 0x27
 955 009f 19       		.uleb128 0x19
 956 00a0 11       		.uleb128 0x11
 957 00a1 01       		.uleb128 0x1
 958 00a2 12       		.uleb128 0x12
 959 00a3 06       		.uleb128 0x6
 960 00a4 40       		.uleb128 0x40
 961 00a5 18       		.uleb128 0x18
 962 00a6 9642     		.uleb128 0x2116
 963 00a8 19       		.uleb128 0x19
 964 00a9 00       		.byte	0
 965 00aa 00       		.byte	0
 966 00ab 0E       		.uleb128 0xe
 967 00ac 2E       		.uleb128 0x2e
 968 00ad 00       		.byte	0
 969 00ae 03       		.uleb128 0x3
 970 00af 0E       		.uleb128 0xe
 971 00b0 3A       		.uleb128 0x3a
 972 00b1 0B       		.uleb128 0xb
 973 00b2 3B       		.uleb128 0x3b
 974 00b3 0B       		.uleb128 0xb
 975 00b4 27       		.uleb128 0x27
 976 00b5 19       		.uleb128 0x19
 977 00b6 11       		.uleb128 0x11
 978 00b7 01       		.uleb128 0x1
 979 00b8 12       		.uleb128 0x12
 980 00b9 06       		.uleb128 0x6
 981 00ba 40       		.uleb128 0x40
 982 00bb 18       		.uleb128 0x18
 983 00bc 9742     		.uleb128 0x2117
 984 00be 19       		.uleb128 0x19
 985 00bf 00       		.byte	0
 986 00c0 00       		.byte	0
 987 00c1 0F       		.uleb128 0xf
 988 00c2 2E       		.uleb128 0x2e
 989 00c3 01       		.byte	0x1
 990 00c4 3F       		.uleb128 0x3f
 991 00c5 19       		.uleb128 0x19
ARM GAS  C:\Users\MICHS_~1\AppData\Local\Temp\ccldZIfa.s 			page 24


 992 00c6 03       		.uleb128 0x3
 993 00c7 0E       		.uleb128 0xe
 994 00c8 3A       		.uleb128 0x3a
 995 00c9 0B       		.uleb128 0xb
 996 00ca 3B       		.uleb128 0x3b
 997 00cb 0B       		.uleb128 0xb
 998 00cc 27       		.uleb128 0x27
 999 00cd 19       		.uleb128 0x19
 1000 00ce 11       		.uleb128 0x11
 1001 00cf 01       		.uleb128 0x1
 1002 00d0 12       		.uleb128 0x12
 1003 00d1 06       		.uleb128 0x6
 1004 00d2 40       		.uleb128 0x40
 1005 00d3 18       		.uleb128 0x18
 1006 00d4 9642     		.uleb128 0x2116
 1007 00d6 19       		.uleb128 0x19
 1008 00d7 00       		.byte	0
 1009 00d8 00       		.byte	0
 1010 00d9 10       		.uleb128 0x10
 1011 00da 0B       		.uleb128 0xb
 1012 00db 01       		.byte	0x1
 1013 00dc 11       		.uleb128 0x11
 1014 00dd 01       		.uleb128 0x1
 1015 00de 12       		.uleb128 0x12
 1016 00df 06       		.uleb128 0x6
 1017 00e0 00       		.byte	0
 1018 00e1 00       		.byte	0
 1019 00e2 11       		.uleb128 0x11
 1020 00e3 13       		.uleb128 0x13
 1021 00e4 01       		.byte	0x1
 1022 00e5 0B       		.uleb128 0xb
 1023 00e6 0B       		.uleb128 0xb
 1024 00e7 3A       		.uleb128 0x3a
 1025 00e8 0B       		.uleb128 0xb
 1026 00e9 3B       		.uleb128 0x3b
 1027 00ea 05       		.uleb128 0x5
 1028 00eb 01       		.uleb128 0x1
 1029 00ec 13       		.uleb128 0x13
 1030 00ed 00       		.byte	0
 1031 00ee 00       		.byte	0
 1032 00ef 12       		.uleb128 0x12
 1033 00f0 0D       		.uleb128 0xd
 1034 00f1 00       		.byte	0
 1035 00f2 03       		.uleb128 0x3
 1036 00f3 0E       		.uleb128 0xe
 1037 00f4 3A       		.uleb128 0x3a
 1038 00f5 0B       		.uleb128 0xb
 1039 00f6 3B       		.uleb128 0x3b
 1040 00f7 05       		.uleb128 0x5
 1041 00f8 49       		.uleb128 0x49
 1042 00f9 13       		.uleb128 0x13
 1043 00fa 38       		.uleb128 0x38
 1044 00fb 0B       		.uleb128 0xb
 1045 00fc 00       		.byte	0
 1046 00fd 00       		.byte	0
 1047 00fe 13       		.uleb128 0x13
 1048 00ff 01       		.uleb128 0x1
ARM GAS  C:\Users\MICHS_~1\AppData\Local\Temp\ccldZIfa.s 			page 25


 1049 0100 01       		.byte	0x1
 1050 0101 49       		.uleb128 0x49
 1051 0102 13       		.uleb128 0x13
 1052 0103 01       		.uleb128 0x1
 1053 0104 13       		.uleb128 0x13
 1054 0105 00       		.byte	0
 1055 0106 00       		.byte	0
 1056 0107 14       		.uleb128 0x14
 1057 0108 21       		.uleb128 0x21
 1058 0109 00       		.byte	0
 1059 010a 49       		.uleb128 0x49
 1060 010b 13       		.uleb128 0x13
 1061 010c 2F       		.uleb128 0x2f
 1062 010d 0B       		.uleb128 0xb
 1063 010e 00       		.byte	0
 1064 010f 00       		.byte	0
 1065 0110 15       		.uleb128 0x15
 1066 0111 34       		.uleb128 0x34
 1067 0112 00       		.byte	0
 1068 0113 03       		.uleb128 0x3
 1069 0114 0E       		.uleb128 0xe
 1070 0115 3A       		.uleb128 0x3a
 1071 0116 0B       		.uleb128 0xb
 1072 0117 3B       		.uleb128 0x3b
 1073 0118 05       		.uleb128 0x5
 1074 0119 49       		.uleb128 0x49
 1075 011a 13       		.uleb128 0x13
 1076 011b 02       		.uleb128 0x2
 1077 011c 18       		.uleb128 0x18
 1078 011d 00       		.byte	0
 1079 011e 00       		.byte	0
 1080 011f 16       		.uleb128 0x16
 1081 0120 26       		.uleb128 0x26
 1082 0121 00       		.byte	0
 1083 0122 49       		.uleb128 0x49
 1084 0123 13       		.uleb128 0x13
 1085 0124 00       		.byte	0
 1086 0125 00       		.byte	0
 1087 0126 17       		.uleb128 0x17
 1088 0127 34       		.uleb128 0x34
 1089 0128 00       		.byte	0
 1090 0129 03       		.uleb128 0x3
 1091 012a 08       		.uleb128 0x8
 1092 012b 3A       		.uleb128 0x3a
 1093 012c 0B       		.uleb128 0xb
 1094 012d 3B       		.uleb128 0x3b
 1095 012e 05       		.uleb128 0x5
 1096 012f 49       		.uleb128 0x49
 1097 0130 13       		.uleb128 0x13
 1098 0131 02       		.uleb128 0x2
 1099 0132 18       		.uleb128 0x18
 1100 0133 00       		.byte	0
 1101 0134 00       		.byte	0
 1102 0135 00       		.byte	0
 1103              		.section	.debug_aranges,"",%progbits
 1104 0000 44000000 		.4byte	0x44
 1105 0004 0200     		.2byte	0x2
ARM GAS  C:\Users\MICHS_~1\AppData\Local\Temp\ccldZIfa.s 			page 26


 1106 0006 00000000 		.4byte	.Ldebug_info0
 1107 000a 04       		.byte	0x4
 1108 000b 00       		.byte	0
 1109 000c 0000     		.2byte	0
 1110 000e 0000     		.2byte	0
 1111 0010 00000000 		.4byte	.LFB2
 1112 0014 1E000000 		.4byte	.LFE2-.LFB2
 1113 0018 00000000 		.4byte	.LFB3
 1114 001c 22000000 		.4byte	.LFE3-.LFB3
 1115 0020 00000000 		.4byte	.LFB4
 1116 0024 22000000 		.4byte	.LFE4-.LFB4
 1117 0028 00000000 		.4byte	.LFB5
 1118 002c DC000000 		.4byte	.LFE5-.LFB5
 1119 0030 00000000 		.4byte	.LFB6
 1120 0034 28000000 		.4byte	.LFE6-.LFB6
 1121 0038 DC000000 		.4byte	.LFB7
 1122 003c 38010000 		.4byte	.LFE7-.LFB7
 1123 0040 00000000 		.4byte	0
 1124 0044 00000000 		.4byte	0
 1125              		.section	.debug_ranges,"",%progbits
 1126              	.Ldebug_ranges0:
 1127 0000 00000000 		.4byte	.LFB2
 1128 0004 1E000000 		.4byte	.LFE2
 1129 0008 00000000 		.4byte	.LFB3
 1130 000c 22000000 		.4byte	.LFE3
 1131 0010 00000000 		.4byte	.LFB4
 1132 0014 22000000 		.4byte	.LFE4
 1133 0018 00000000 		.4byte	.LFB5
 1134 001c DC000000 		.4byte	.LFE5
 1135 0020 00000000 		.4byte	.LFB6
 1136 0024 28000000 		.4byte	.LFE6
 1137 0028 DC000000 		.4byte	.LFB7
 1138 002c 14020000 		.4byte	.LFE7
 1139 0030 00000000 		.4byte	0
 1140 0034 00000000 		.4byte	0
 1141              		.section	.debug_line,"",%progbits
 1142              	.Ldebug_line0:
 1143 0000 70010000 		.section	.debug_str,"MS",%progbits,1
 1143      0200CB00 
 1143      00000201 
 1143      FB0E0D00 
 1143      01010101 
 1144              	.LASF18:
 1145 0000 72656733 		.ascii	"reg32\000"
 1145      3200
 1146              	.LASF11:
 1147 0006 73697A65 		.ascii	"size_t\000"
 1147      5F7400
 1148              	.LASF24:
 1149 000d 416E616C 		.ascii	"AnalogSetDefault\000"
 1149      6F675365 
 1149      74446566 
 1149      61756C74 
 1149      00
 1150              	.LASF28:
 1151 001e 6366675F 		.ascii	"cfg_memset_list\000"
 1151      6D656D73 
ARM GAS  C:\Users\MICHS_~1\AppData\Local\Temp\ccldZIfa.s 			page 27


 1151      65745F6C 
 1151      69737400 
 1152              	.LASF23:
 1153 002e 436C6F63 		.ascii	"ClockSetup\000"
 1153      6B536574 
 1153      757000
 1154              	.LASF4:
 1155 0039 73686F72 		.ascii	"short unsigned int\000"
 1155      7420756E 
 1155      7369676E 
 1155      65642069 
 1155      6E7400
 1156              	.LASF15:
 1157 004c 666C6F61 		.ascii	"float\000"
 1157      7400
 1158              	.LASF21:
 1159 0052 64657374 		.ascii	"dest\000"
 1159      00
 1160              	.LASF26:
 1161 0057 73697A65 		.ascii	"size\000"
 1161      00
 1162              	.LASF17:
 1163 005c 72656738 		.ascii	"reg8\000"
 1163      00
 1164              	.LASF6:
 1165 0061 6C6F6E67 		.ascii	"long unsigned int\000"
 1165      20756E73 
 1165      69676E65 
 1165      6420696E 
 1165      7400
 1166              	.LASF12:
 1167 0073 75696E74 		.ascii	"uint8\000"
 1167      3800
 1168              	.LASF19:
 1169 0079 43594D45 		.ascii	"CYMEMZERO\000"
 1169      4D5A4552 
 1169      4F00
 1170              	.LASF2:
 1171 0083 756E7369 		.ascii	"unsigned char\000"
 1171      676E6564 
 1171      20636861 
 1171      7200
 1172              	.LASF16:
 1173 0091 646F7562 		.ascii	"double\000"
 1173      6C6500
 1174              	.LASF32:
 1175 0098 63796669 		.ascii	"cyfitter_cfg\000"
 1175      74746572 
 1175      5F636667 
 1175      00
 1176              	.LASF29:
 1177 00a5 474E5520 		.ascii	"GNU C 4.9.3 20150303 (release) [ARM/embedded-4_9-br"
 1177      4320342E 
 1177      392E3320 
 1177      32303135 
 1177      30333033 
 1178 00d8 616E6368 		.ascii	"anch revision 221220] -mcpu=cortex-m0 -mthumb -g -O"
ARM GAS  C:\Users\MICHS_~1\AppData\Local\Temp\ccldZIfa.s 			page 28


 1178      20726576 
 1178      6973696F 
 1178      6E203232 
 1178      31323230 
 1179 010b 30202D66 		.ascii	"0 -ffunction-sections -ffat-lto-objects\000"
 1179      66756E63 
 1179      74696F6E 
 1179      2D736563 
 1179      74696F6E 
 1180              	.LASF13:
 1181 0133 75696E74 		.ascii	"uint16\000"
 1181      313600
 1182              	.LASF14:
 1183 013a 75696E74 		.ascii	"uint32\000"
 1183      333200
 1184              	.LASF0:
 1185 0141 756E7369 		.ascii	"unsigned int\000"
 1185      676E6564 
 1185      20696E74 
 1185      00
 1186              	.LASF25:
 1187 014e 61646472 		.ascii	"address\000"
 1187      65737300 
 1188              	.LASF8:
 1189 0156 6C6F6E67 		.ascii	"long long unsigned int\000"
 1189      206C6F6E 
 1189      6720756E 
 1189      7369676E 
 1189      65642069 
 1190              	.LASF27:
 1191 016d 6366675F 		.ascii	"cfg_memset_t\000"
 1191      6D656D73 
 1191      65745F74 
 1191      00
 1192              	.LASF9:
 1193 017a 73697A65 		.ascii	"sizetype\000"
 1193      74797065 
 1193      00
 1194              	.LASF7:
 1195 0183 6C6F6E67 		.ascii	"long long int\000"
 1195      206C6F6E 
 1195      6720696E 
 1195      7400
 1196              	.LASF10:
 1197 0191 63686172 		.ascii	"char\000"
 1197      00
 1198              	.LASF31:
 1199 0196 443A5C43 		.ascii	"D:\\Cypress\\Projects\\fNIR PSoC BLE\\UART_to_BLE_p"
 1199      79707265 
 1199      73735C50 
 1199      726F6A65 
 1199      6374735C 
 1200 01c5 65726970 		.ascii	"eripheral\\fNIR PSoC Peripheral.cydsn\000"
 1200      68657261 
 1200      6C5C664E 
 1200      49522050 
 1200      536F4320 
ARM GAS  C:\Users\MICHS_~1\AppData\Local\Temp\ccldZIfa.s 			page 29


 1201              	.LASF3:
 1202 01ea 73686F72 		.ascii	"short int\000"
 1202      7420696E 
 1202      7400
 1203              	.LASF5:
 1204 01f4 6C6F6E67 		.ascii	"long int\000"
 1204      20696E74 
 1204      00
 1205              	.LASF1:
 1206 01fd 7369676E 		.ascii	"signed char\000"
 1206      65642063 
 1206      68617200 
 1207              	.LASF30:
 1208 0209 47656E65 		.ascii	"Generated_Source\\PSoC4\\cyfitter_cfg.c\000"
 1208      72617465 
 1208      645F536F 
 1208      75726365 
 1208      5C50536F 
 1209              	.LASF22:
 1210 022f 4359434F 		.ascii	"CYCONFIGCPYCODE\000"
 1210      4E464947 
 1210      43505943 
 1210      4F444500 
 1211              	.LASF20:
 1212 023f 4359434F 		.ascii	"CYCONFIGCPY\000"
 1212      4E464947 
 1212      43505900 
 1213              		.ident	"GCC: (GNU Tools for ARM Embedded Processors) 4.9.3 20150303 (release) [ARM/embedded-4_9-br
